Mr.Subba Reddy:+1 (310) 384-2796
Mr.Ram:+1 (678) 834-2506


echo "# usa-reactjs" >> README.md
git init
git add README.md
git commit -m "first commit"
git branch -M main
git remote add origin https://github.com/gvnaresshuser/usa-reactjs.git
git push -u origin main


git remote add origin https://github.com/gvnaresshuser/usa-reactjs.git
git branch -M main
git push -u origin main


======================================================
Microsoft Windows [Version 10.0.26100.8246]
(c) Microsoft Corporation. All rights reserved.

E:\MURALI\REACT-JS-CRASH-COURSE\usa-reactjs>git init
Initialized empty Git repository in E:/MURALI/REACT-JS-CRASH-COURSE/usa-reactjs/.git/

E:\MURALI\REACT-JS-CRASH-COURSE\usa-reactjs>git init
Reinitialized existing Git repository in E:/MURALI/REACT-JS-CRASH-COURSE/usa-reactjs/.git/

E:\MURALI\REACT-JS-CRASH-COURSE\usa-reactjs>git add .

E:\MURALI\REACT-JS-CRASH-COURSE\usa-reactjs>git status
On branch master

No commits yet

Changes to be committed:
  (use "git rm --cached <file>..." to unstage)
        new file:   .gitignore
        new file:   html-basics/SCREENS/CODE_EXPLANATION.png
        new file:   html-basics/SCREENS/What does a browser understands.png
        new file:   html-basics/test.html
        new file:   my-site/STEPS TO CREATE HTTP-SERVER FOR TESTING PURPOSE.png
        new file:   my-site/index.html
        new file:   my-site/script.js
        new file:   my-site/style.css

Untracked files:
  (use "git add <file>..." to include in what will be committed)
        STEPS


E:\MURALI\REACT-JS-CRASH-COURSE\usa-reactjs>git commit -m "files"
[master (root-commit) b2c0002] files
 8 files changed, 266 insertions(+)
 create mode 100644 .gitignore
 create mode 100644 html-basics/SCREENS/CODE_EXPLANATION.png
 create mode 100644 html-basics/SCREENS/What does a browser understands.png
 create mode 100644 html-basics/test.html
 create mode 100644 my-site/STEPS TO CREATE HTTP-SERVER FOR TESTING PURPOSE.png
 create mode 100644 my-site/index.html
 create mode 100644 my-site/script.js
 create mode 100644 my-site/style.css

E:\MURALI\REACT-JS-CRASH-COURSE\usa-reactjs>git remote add origin https://github.com/gvnaresshuser/usa-reactjs.git

E:\MURALI\REACT-JS-CRASH-COURSE\usa-reactjs>git branch -M main

E:\MURALI\REACT-JS-CRASH-COURSE\usa-reactjs>git push -u origin main
Enumerating objects: 13, done.
Counting objects: 100% (13/13), done.
Delta compression using up to 8 threads
Compressing objects: 100% (13/13), done.
Writing objects: 100% (13/13), 1.78 MiB | 1007.00 KiB/s, done.
Total 13 (delta 0), reused 0 (delta 0), pack-reused 0
To https://github.com/gvnaresshuser/usa-reactjs.git
 * [new branch]      main -> main
branch 'main' set up to track 'origin/main'.

E:\MURALI\REACT-JS-CRASH-COURSE\usa-reactjs>
+++++++++++++++++++++++++++++++++++++++++++
Microsoft Windows [Version 10.0.26100.8246]
(c) Microsoft Corporation. All rights reserved.

E:\MURALI\REACT-JS-CRASH-COURSE\usa-reactjs>git add .

E:\MURALI\REACT-JS-CRASH-COURSE\usa-reactjs>git status
On branch main
Your branch is up to date with 'origin/main'.

Changes to be committed:
  (use "git restore --staged <file>..." to unstage)
        new file:   Class Component - Complete Lifecycle Order.png
        new file:   Functional Component - Complete Lifecycle Order.png
        new file:   REACTJS-INTRODUCTION/0.What you should know.png
        new file:   REACTJS-INTRODUCTION/1.Steps to create reactjs app with VITE.png
        new file:   REACTJS-INTRODUCTION/2.Files and Folders.png
        new file:   REACTJS-INTRODUCTION/3.ReactJS-Startup Flow.png
        new file:   REACTJS-INTRODUCTION/5.Props State.png
        new file:   REACTJS-INTRODUCTION/6.Components DOM Tree.png
        new file:   REACTJS-INTRODUCTION/7.Components.png
        new file:   REACTJS-INTRODUCTION/8.App made with components.png
        new file:   REACTJS-INTRODUCTION/Assignment - 3 - Solution.txt
        new file:   REACTJS-INTRODUCTION/Assignment - 3-Instalation.png
        new file:   REACTJS-INTRODUCTION/Assignment-1-Instalation.png
        new file:   REACTJS-INTRODUCTION/Assignment-2-Instalation.png
        new file:   REACTJS-INTRODUCTION/CODE_EXPLANATION-App-jsx.png
        new file:   REACTJS-INTRODUCTION/CODE_EXPLANATION-index.png
        new file:   REACTJS-INTRODUCTION/CODE_EXPLANATION-main.jsx.png
        new file:   REACTJS-INTRODUCTION/Chrome-Extension-1.png
        new file:   REACTJS-INTRODUCTION/Chrome-Extension.png
        new file:   REACTJS-INTRODUCTION/Creating React App-1.png
        new file:   REACTJS-INTRODUCTION/Creating React App-2.png
        new file:   REACTJS-INTRODUCTION/Creating React App.png
        new file:   REACTJS-INTRODUCTION/How to Operate Training Material.png
        new file:   REACTJS-INTRODUCTION/NODE-JS-20-19-3.png
        new file:   REACTJS-INTRODUCTION/NOTES.txt
        new file:   REACTJS-INTRODUCTION/NodeJS Installation with NVM.png
        new file:   REACTJS-INTRODUCTION/NodeJS-Version.png
        new file:   REACTJS-INTRODUCTION/NodeJS.png
        new file:   REACTJS-INTRODUCTION/PLUGINS.png
        new file:   REACTJS-INTRODUCTION/RECAP.png
        new file:   REACTJS-INTRODUCTION/Solution-2.png
        new file:   REACTJS-INTRODUCTION/StrictMode.png
        new file:   REACTJS-INTRODUCTION/TERMS TO KNOW.png
        new file:   REACTJS-INTRODUCTION/Theory about ReactJS/1.png
        new file:   REACTJS-INTRODUCTION/Theory about ReactJS/10.png
        new file:   REACTJS-INTRODUCTION/Theory about ReactJS/12.png
        new file:   REACTJS-INTRODUCTION/Theory about ReactJS/13.png
        new file:   REACTJS-INTRODUCTION/Theory about ReactJS/2.png
        new file:   REACTJS-INTRODUCTION/Theory about ReactJS/3.png
        new file:   REACTJS-INTRODUCTION/Theory about ReactJS/4.png
        new file:   REACTJS-INTRODUCTION/Theory about ReactJS/6.png
        new file:   REACTJS-INTRODUCTION/Theory about ReactJS/7.png
        new file:   REACTJS-INTRODUCTION/Theory about ReactJS/8.png
        new file:   REACTJS-INTRODUCTION/Theory about ReactJS/9.png
        new file:   REACTJS-INTRODUCTION/VS Code Editor-Plugin-1-ES7- ReactReduxReact-Native snippets.png
        new file:   REACTJS-INTRODUCTION/VS Code Editor-Plugin-2-Prettier-Code Format.png
        new file:   REACTJS-INTRODUCTION/VS Code Editor-Plugin-3-Prettier-Code Format.png
        new file:   REACTJS-INTRODUCTION/VS Code Editor-Plugin-4-Prettier-Code Format.png
        new file:   REACTJS-INTRODUCTION/VS Code Editor-Plugin-5-Code Spell Checker.png
        new file:   REACTJS-INTRODUCTION/VS Code Editor-Plugin-6-TailwindCSS.png
        new file:   REACTJS-INTRODUCTION/VS Code Editor.png
        new file:   REACTJS-INTRODUCTION/What a Browser Understands.png
        new file:   REACTJS-INTRODUCTION/why Logo 2 (React logo) is spinning.png


E:\MURALI\REACT-JS-CRASH-COURSE\usa-reactjs>git commit -m "27-06-2026 added files"
[main 4d0e9a9] 27-06-2026 added files
 53 files changed, 162 insertions(+)
 create mode 100644 Class Component - Complete Lifecycle Order.png
 create mode 100644 Functional Component - Complete Lifecycle Order.png
 create mode 100644 REACTJS-INTRODUCTION/0.What you should know.png
 create mode 100644 REACTJS-INTRODUCTION/1.Steps to create reactjs app with VITE.png
 create mode 100644 REACTJS-INTRODUCTION/2.Files and Folders.png
 create mode 100644 REACTJS-INTRODUCTION/3.ReactJS-Startup Flow.png
 create mode 100644 REACTJS-INTRODUCTION/5.Props State.png
 create mode 100644 REACTJS-INTRODUCTION/6.Components DOM Tree.png
 create mode 100644 REACTJS-INTRODUCTION/7.Components.png
 create mode 100644 REACTJS-INTRODUCTION/8.App made with components.png
 create mode 100644 REACTJS-INTRODUCTION/Assignment - 3 - Solution.txt
 create mode 100644 REACTJS-INTRODUCTION/Assignment - 3-Instalation.png
 create mode 100644 REACTJS-INTRODUCTION/Assignment-1-Instalation.png
 create mode 100644 REACTJS-INTRODUCTION/Assignment-2-Instalation.png
 create mode 100644 REACTJS-INTRODUCTION/CODE_EXPLANATION-App-jsx.png
 create mode 100644 REACTJS-INTRODUCTION/CODE_EXPLANATION-index.png
 create mode 100644 REACTJS-INTRODUCTION/CODE_EXPLANATION-main.jsx.png
 create mode 100644 REACTJS-INTRODUCTION/Chrome-Extension-1.png
 create mode 100644 REACTJS-INTRODUCTION/Chrome-Extension.png
 create mode 100644 REACTJS-INTRODUCTION/Creating React App-1.png
 create mode 100644 REACTJS-INTRODUCTION/Creating React App-2.png
 create mode 100644 REACTJS-INTRODUCTION/Creating React App.png
 create mode 100644 REACTJS-INTRODUCTION/How to Operate Training Material.png
 create mode 100644 REACTJS-INTRODUCTION/NODE-JS-20-19-3.png
 create mode 100644 REACTJS-INTRODUCTION/NOTES.txt
 create mode 100644 REACTJS-INTRODUCTION/NodeJS Installation with NVM.png
 create mode 100644 REACTJS-INTRODUCTION/NodeJS-Version.png
 create mode 100644 REACTJS-INTRODUCTION/NodeJS.png
 create mode 100644 REACTJS-INTRODUCTION/PLUGINS.png
 create mode 100644 REACTJS-INTRODUCTION/RECAP.png
 create mode 100644 REACTJS-INTRODUCTION/Solution-2.png
 create mode 100644 REACTJS-INTRODUCTION/StrictMode.png
 create mode 100644 REACTJS-INTRODUCTION/TERMS TO KNOW.png
 create mode 100644 REACTJS-INTRODUCTION/Theory about ReactJS/1.png
 create mode 100644 REACTJS-INTRODUCTION/Theory about ReactJS/10.png
 create mode 100644 REACTJS-INTRODUCTION/Theory about ReactJS/12.png
 create mode 100644 REACTJS-INTRODUCTION/Theory about ReactJS/13.png
 create mode 100644 REACTJS-INTRODUCTION/Theory about ReactJS/2.png
 create mode 100644 REACTJS-INTRODUCTION/Theory about ReactJS/3.png
 create mode 100644 REACTJS-INTRODUCTION/Theory about ReactJS/4.png
 create mode 100644 REACTJS-INTRODUCTION/Theory about ReactJS/6.png
 create mode 100644 REACTJS-INTRODUCTION/Theory about ReactJS/7.png
 create mode 100644 REACTJS-INTRODUCTION/Theory about ReactJS/8.png
 create mode 100644 REACTJS-INTRODUCTION/Theory about ReactJS/9.png
 create mode 100644 REACTJS-INTRODUCTION/VS Code Editor-Plugin-1-ES7- ReactReduxReact-Native snippets.png
 create mode 100644 REACTJS-INTRODUCTION/VS Code Editor-Plugin-2-Prettier-Code Format.png
 create mode 100644 REACTJS-INTRODUCTION/VS Code Editor-Plugin-3-Prettier-Code Format.png
 create mode 100644 REACTJS-INTRODUCTION/VS Code Editor-Plugin-4-Prettier-Code Format.png
 create mode 100644 REACTJS-INTRODUCTION/VS Code Editor-Plugin-5-Code Spell Checker.png
 create mode 100644 REACTJS-INTRODUCTION/VS Code Editor-Plugin-6-TailwindCSS.png
 create mode 100644 REACTJS-INTRODUCTION/VS Code Editor.png
 create mode 100644 REACTJS-INTRODUCTION/What a Browser Understands.png
 create mode 100644 REACTJS-INTRODUCTION/why Logo 2 (React logo) is spinning.png

E:\MURALI\REACT-JS-CRASH-COURSE\usa-reactjs>git push
Enumerating objects: 58, done.
Counting objects: 100% (58/58), done.
Delta compression using up to 8 threads
Compressing objects: 100% (57/57), done.
Writing objects: 100% (57/57), 22.95 MiB | 1.02 MiB/s, done.
Total 57 (delta 1), reused 0 (delta 0), pack-reused 0
remote: Resolving deltas: 100% (1/1), completed with 1 local object.
To https://github.com/gvnaresshuser/usa-reactjs.git
   ae004f7..4d0e9a9  main -> main

E:\MURALI\REACT-JS-CRASH-COURSE\usa-reactjs>
++++++++++++++++++++++++++++++++++++++++++++++++++++++++++++

E:\MURALI\REACT-JS-CRASH-COURSE\usa-reactjs>git add .

E:\MURALI\REACT-JS-CRASH-COURSE\usa-reactjs>git status
On branch main
Your branch is up to date with 'origin/main'.

Changes to be committed:
  (use "git restore --staged <file>..." to unstage)
        new file:   Assignments/Assignment-1.png
        new file:   Assignments/Assignment-1.txt


E:\MURALI\REACT-JS-CRASH-COURSE\usa-reactjs>git commit -m "Assignment-1 27-06-2026"
[main 3754224] Assignment-1 27-06-2026
 2 files changed, 52 insertions(+)
 create mode 100644 Assignments/Assignment-1.png
 create mode 100644 Assignments/Assignment-1.txt

E:\MURALI\REACT-JS-CRASH-COURSE\usa-reactjs>git push
Enumerating objects: 6, done.
Counting objects: 100% (6/6), done.
Delta compression using up to 8 threads
Compressing objects: 100% (5/5), done.
Writing objects: 100% (5/5), 294.98 KiB | 22.69 MiB/s, done.
Total 5 (delta 1), reused 0 (delta 0), pack-reused 0
remote: Resolving deltas: 100% (1/1), completed with 1 local object.
To https://github.com/gvnaresshuser/usa-reactjs.git
   18521f3..3754224  main -> main

E:\MURALI\REACT-JS-CRASH-COURSE\usa-reactjs>

++++++++++++++++++++++++++++++++++++++++++++++++++++++++++++
Microsoft Windows [Version 10.0.26100.8246]
(c) Microsoft Corporation. All rights reserved.

E:\MURALI\REACT-JS-CRASH-COURSE\usa-reactjs>git add .

E:\MURALI\REACT-JS-CRASH-COURSE\usa-reactjs>git status
On branch main
Your branch is up to date with 'origin/main'.

Changes to be committed:
  (use "git restore --staged <file>..." to unstage)
        new file:   my-react-app/src-Lesson-1-basics/SCREENS/public-src-asstes.png


E:\MURALI\REACT-JS-CRASH-COURSE\usa-reactjs>git commit -m "added notes public src/assets"
[main 90eafad] added notes public src/assets
 1 file changed, 0 insertions(+), 0 deletions(-)
 create mode 100644 my-react-app/src-Lesson-1-basics/SCREENS/public-src-asstes.png

E:\MURALI\REACT-JS-CRASH-COURSE\usa-reactjs>git push
Enumerating objects: 10, done.
Counting objects: 100% (10/10), done.
Delta compression using up to 8 threads
Compressing objects: 100% (6/6), done.
Writing objects: 100% (6/6), 760.44 KiB | 22.37 MiB/s, done.
Total 6 (delta 4), reused 0 (delta 0), pack-reused 0
remote: Resolving deltas: 100% (4/4), completed with 4 local objects.
To https://github.com/gvnaresshuser/usa-reactjs.git
   98263e6..90eafad  main -> main

E:\MURALI\REACT-JS-CRASH-COURSE\usa-reactjs>
=====================================================================

E:\MURALI\REACT-JS-CRASH-COURSE\usa-reactjs>git add .

E:\MURALI\REACT-JS-CRASH-COURSE\usa-reactjs>git status
On branch main
Your branch is up to date with 'origin/main'.

Changes to be committed:
  (use "git restore --staged <file>..." to unstage)
        new file:   my-react-app/src - M1-Lesson-1-ES6/SCREENS/What React can render.png


E:\MURALI\REACT-JS-CRASH-COURSE\usa-reactjs>git commit -m "01-07-2026 what react can render"
[main 6b1573c] 01-07-2026 what react can render
 1 file changed, 0 insertions(+), 0 deletions(-)
 create mode 100644 my-react-app/src - M1-Lesson-1-ES6/SCREENS/What React can render.png

E:\MURALI\REACT-JS-CRASH-COURSE\usa-reactjs>git push
Enumerating objects: 10, done.
Counting objects: 100% (10/10), done.
Delta compression using up to 8 threads
Compressing objects: 100% (6/6), done.
Writing objects: 100% (6/6), 635.41 KiB | 21.18 MiB/s, done.
Total 6 (delta 4), reused 0 (delta 0), pack-reused 0
remote: Resolving deltas: 100% (4/4), completed with 4 local objects.
To https://github.com/gvnaresshuser/usa-reactjs.git
   bca20bc..6b1573c  main -> main

E:\MURALI\REACT-JS-CRASH-COURSE\usa-reactjs>
=====================================================================
Microsoft Windows [Version 10.0.26100.8246]
(c) Microsoft Corporation. All rights reserved.

E:\MURALI\REACT-JS-CRASH-COURSE\usa-reactjs>git add .
warning: in the working copy of 'my-react-app/src - M1-Lesson-1-ES6/App.css', LF will be replaced by CRLF the next time Git touches it
warning: in the working copy of 'my-react-app/src - M1-Lesson-1-ES6/App.jsx', LF will be replaced by CRLF the next time Git touches it

E:\MURALI\REACT-JS-CRASH-COURSE\usa-reactjs>git status
On branch main
Your branch is up to date with 'origin/main'.

Changes to be committed:
  (use "git restore --staged <file>..." to unstage)
        modified:   my-react-app/src - M1-Lesson-1-ES6/App.css
        modified:   my-react-app/src - M1-Lesson-1-ES6/App.jsx
        new file:   my-react-app/src - M1-Lesson-1-ES6/SCREENS/ASI.png


E:\MURALI\REACT-JS-CRASH-COURSE\usa-reactjs>git commit -m "more additions"
[main 7243e6c] more additions
 3 files changed, 76 insertions(+), 14 deletions(-)
 create mode 100644 my-react-app/src - M1-Lesson-1-ES6/SCREENS/ASI.png

E:\MURALI\REACT-JS-CRASH-COURSE\usa-reactjs>git push
Enumerating objects: 14, done.
Counting objects: 100% (14/14), done.
Delta compression using up to 8 threads
Compressing objects: 100% (8/8), done.
Writing objects: 100% (8/8), 433.54 KiB | 18.85 MiB/s, done.
Total 8 (delta 6), reused 0 (delta 0), pack-reused 0
remote: Resolving deltas: 100% (6/6), completed with 6 local objects.
To https://github.com/gvnaresshuser/usa-reactjs.git
   8a95494..7243e6c  main -> main

E:\MURALI\REACT-JS-CRASH-COURSE\usa-reactjs>
=====================================================================
E:\MURALI\REACT-JS-CRASH-COURSE\usa-reactjs>git add .
warning: in the working copy of 'my-react-app/src - M1-Lesson-1-ES6/App-DataTypes.jsx', LF will be replaced by CRLF the next time Git touches it

E:\MURALI\REACT-JS-CRASH-COURSE\usa-reactjs>git status
On branch main
Your branch is up to date with 'origin/main'.

Changes to be committed:
  (use "git restore --staged <file>..." to unstage)
        modified:   STEPS
        modified:   my-react-app/src - M1-Lesson-1-ES6/App-DataTypes.jsx


E:\MURALI\REACT-JS-CRASH-COURSE\usa-reactjs>git commit -m "more additions new"
[main 4725dac] more additions new
 2 files changed, 144 insertions(+), 33 deletions(-)

E:\MURALI\REACT-JS-CRASH-COURSE\usa-reactjs>git push
Enumerating objects: 9, done.
Counting objects: 100% (9/9), done.
Delta compression using up to 8 threads
Compressing objects: 100% (5/5), done.
Writing objects: 100% (5/5), 785 bytes | 785.00 KiB/s, done.
Total 5 (delta 4), reused 0 (delta 0), pack-reused 0
remote: Resolving deltas: 100% (4/4), completed with 4 local objects.
To https://github.com/gvnaresshuser/usa-reactjs.git
   7243e6c..4725dac  main -> main

E:\MURALI\REACT-JS-CRASH-COURSE\usa-reactjs>
=====================================================================

E:\MURALI\REACT-JS-CRASH-COURSE\usa-reactjs>git add .
warning: in the working copy of 'my-react-app/src - M1-Lesson-1-ES6/App-DataTypes.jsx', LF will be replaced by CRLF the next time Git touches it
warning: in the working copy of 'my-react-app/src - M1-Lesson-1-ES6/App.jsx', LF will be replaced by CRLF the next time Git touches it

E:\MURALI\REACT-JS-CRASH-COURSE\usa-reactjs>git status
On branch main
Your branch is up to date with 'origin/main'.

Changes to be committed:
  (use "git restore --staged <file>..." to unstage)
        modified:   STEPS
        modified:   my-react-app/src - M1-Lesson-1-ES6/App-DataTypes.jsx
        modified:   my-react-app/src - M1-Lesson-1-ES6/App.jsx


E:\MURALI\REACT-JS-CRASH-COURSE\usa-reactjs>git commit -m "more additions new 1"
[main 035b39c] more additions new 1
 3 files changed, 33 insertions(+)

E:\MURALI\REACT-JS-CRASH-COURSE\usa-reactjs>git push
Enumerating objects: 11, done.
Counting objects: 100% (11/11), done.
Delta compression using up to 8 threads
Compressing objects: 100% (6/6), done.
Writing objects: 100% (6/6), 736 bytes | 736.00 KiB/s, done.
Total 6 (delta 5), reused 0 (delta 0), pack-reused 0
remote: Resolving deltas: 100% (5/5), completed with 5 local objects.
To https://github.com/gvnaresshuser/usa-reactjs.git
   4725dac..035b39c  main -> main

E:\MURALI\REACT-JS-CRASH-COURSE\usa-reactjs>
=====================================================================
Microsoft Windows [Version 10.0.26100.8246]
(c) Microsoft Corporation. All rights reserved.

E:\MURALI\REACT-JS-CRASH-COURSE\usa-reactjs>git add .
warning: in the working copy of 'my-react-app/package-lock.json', LF will be replaced by CRLF the next time Git touches it
warning: in the working copy of 'my-react-app/package.json', LF will be replaced by CRLF the next time Git touches it
warning: in the working copy of 'my-react-app/src - M1-Lesson-1-ES6/App-DataTypes.jsx', LF will be replaced by CRLF the next time Git touches it
warning: in the working copy of 'my-react-app/src - M1-Lesson-1-ES6/App.jsx', LF will be replaced by CRLF the next time Git touches it
warning: in the working copy of 'my-react-app/src-Lesson-1-basics/App.css', LF will be replaced by CRLF the next time Git touches it
warning: in the working copy of 'my-react-app/src-Lesson-1-basics/App.jsx', LF will be replaced by CRLF the next time Git touches it
warning: in the working copy of 'my-react-app/src-Lesson-1-basics/index.css', LF will be replaced by CRLF the next time Git touches it

E:\MURALI\REACT-JS-CRASH-COURSE\usa-reactjs>git status
On branch main
Your branch is up to date with 'origin/main'.

Changes to be committed:
  (use "git restore --staged <file>..." to unstage)
        modified:   STEPS
        modified:   my-react-app/package-lock.json
        modified:   my-react-app/src - M1-Lesson-1-ES6/App-DataTypes.jsx
        modified:   my-react-app/src - M1-Lesson-1-ES6/App.jsx
        modified:   my-react-app/src - M1-Lesson-1-ES6/App.scss
        modified:   my-react-app/src-Lesson-1-basics/App.css


E:\MURALI\REACT-JS-CRASH-COURSE\usa-reactjs>git commit -m "02-07-2026"
[main d9a8f99] 02-07-2026
 6 files changed, 96 insertions(+), 194 deletions(-)

E:\MURALI\REACT-JS-CRASH-COURSE\usa-reactjs>git push
Enumerating objects: 21, done.
Counting objects: 100% (20/20), done.
Delta compression using up to 8 threads
Compressing objects: 100% (11/11), done.
Writing objects: 100% (11/11), 1.83 KiB | 935.00 KiB/s, done.
Total 11 (delta 10), reused 0 (delta 0), pack-reused 0
remote: Resolving deltas: 100% (10/10), completed with 9 local objects.
To https://github.com/gvnaresshuser/usa-reactjs.git
   035b39c..d9a8f99  main -> main

E:\MURALI\REACT-JS-CRASH-COURSE\usa-reactjs>
=====================================================================
Microsoft Windows [Version 10.0.26100.8246]
(c) Microsoft Corporation. All rights reserved.

E:\MURALI\REACT-JS-CRASH-COURSE\usa-reactjs>git add .
warning: in the working copy of 'my-react-app/package-lock.json', LF will be replaced by CRLF the next time Git touches it
warning: in the working copy of 'my-react-app/package.json', LF will be replaced by CRLF the next time Git touches it
warning: in the working copy of 'my-react-app/src - M1-Lesson-1-ES6/App-DataTypes.jsx', LF will be replaced by CRLF the next time Git touches it
warning: in the working copy of 'my-react-app/src - M1-Lesson-1-ES6/App.jsx', LF will be replaced by CRLF the next time Git touches it

E:\MURALI\REACT-JS-CRASH-COURSE\usa-reactjs>git status
On branch main
Your branch is up to date with 'origin/main'.

Changes to be committed:
  (use "git restore --staged <file>..." to unstage)
        deleted:    .gitignore
        modified:   STEPS
        modified:   my-react-app/src - M1-Lesson-1-ES6/App-DataTypes.jsx
        modified:   my-react-app/src - M1-Lesson-1-ES6/App.jsx
        modified:   my-react-app/src - M1-Lesson-1-ES6/App.scss


E:\MURALI\REACT-JS-CRASH-COURSE\usa-reactjs>git commit -m "20-07-2026 added"
[main c92961c] 20-07-2026 added
 5 files changed, 281 insertions(+), 96 deletions(-)
 delete mode 100644 .gitignore

E:\MURALI\REACT-JS-CRASH-COURSE\usa-reactjs>git push
Enumerating objects: 15, done.
Counting objects: 100% (15/15), done.
Delta compression using up to 8 threads
Compressing objects: 100% (8/8), done.
Writing objects: 100% (8/8), 2.13 KiB | 1.07 MiB/s, done.
Total 8 (delta 7), reused 0 (delta 0), pack-reused 0
remote: Resolving deltas: 100% (7/7), completed with 6 local objects.
To https://github.com/gvnaresshuser/usa-reactjs.git
   d9a8f99..c92961c  main -> main

E:\MURALI\REACT-JS-CRASH-COURSE\usa-reactjs>
=====================================================================
Microsoft Windows [Version 10.0.26100.8246]
(c) Microsoft Corporation. All rights reserved.

E:\MURALI\REACT-JS-CRASH-COURSE\usa-reactjs>git add .
warning: in the working copy of 'my-react-app/src - M1-Lesson-1-ES6/App.jsx', LF will be replaced by CRLF the next time Git touches it

E:\MURALI\REACT-JS-CRASH-COURSE\usa-reactjs>git status
On branch main
Your branch is up to date with 'origin/main'.

Changes to be committed:
  (use "git restore --staged <file>..." to unstage)
        modified:   my-react-app/src - M1-Lesson-1-ES6/App.jsx
        new file:   my-react-app/src - M1-Lesson-1-ES6/SCREENS/CSS Shorthand Properties - or CSS Shorthand Syntax.png
        modified:   my-react-app/src - M1-Lesson-1-ES6/utils.js


E:\MURALI\REACT-JS-CRASH-COURSE\usa-reactjs>git commit -m "04-07-2026"
[main 07a99ba] 04-07-2026
 3 files changed, 65 insertions(+), 194 deletions(-)
 create mode 100644 my-react-app/src - M1-Lesson-1-ES6/SCREENS/CSS Shorthand Properties - or CSS Shorthand Syntax.png

E:\MURALI\REACT-JS-CRASH-COURSE\usa-reactjs>git push
Enumerating objects: 14, done.
Counting objects: 100% (14/14), done.
Delta compression using up to 8 threads
Compressing objects: 100% (8/8), done.
Writing objects: 100% (8/8), 275.20 KiB | 19.66 MiB/s, done.
Total 8 (delta 5), reused 0 (delta 0), pack-reused 0
remote: Resolving deltas: 100% (5/5), completed with 5 local objects.
To https://github.com/gvnaresshuser/usa-reactjs.git
   a33333d..07a99ba  main -> main

E:\MURALI\REACT-JS-CRASH-COURSE\usa-reactjs>
=====================================================================
Microsoft Windows [Version 10.0.26100.8246]
(c) Microsoft Corporation. All rights reserved.

E:\MURALI\REACT-JS-CRASH-COURSE\usa-reactjs>git add .
warning: in the working copy of 'my-react-app/src - M1-Lesson-1-FlexBox/App-Basic CSS for 12-Grid System.jsx', LF will be replaced by CRLF the next time Git touches it
warning: in the working copy of 'my-react-app/src - M1-Lesson-1-FlexBox/App-Basic.jsx', LF will be replaced by CRLF the next time Git touches it
warning: in the working copy of 'my-react-app/src - M1-Lesson-1-FlexBox/App-Flexbox1.jsx', LF will be replaced by CRLF the next time Git touches it
warning: in the working copy of 'my-react-app/src - M1-Lesson-1-FlexBox/App-Flexbox2.jsx', LF will be replaced by CRLF the next time Git touches it
warning: in the working copy of 'my-react-app/src - M1-Lesson-1-FlexBox/App-Original.jsx', LF will be replaced by CRLF the next time Git touches it
warning: in the working copy of 'my-react-app/src - M1-Lesson-1-FlexBox/App-Responsive 12-Column Grid System TAILWINDCSS.jsx', LF will be replaced by CRLF the next time Git touches it
warning: in the working copy of 'my-react-app/src - M1-Lesson-1-FlexBox/App-Responsive 12-Column Grid System.jsx', LF will be replaced by CRLF the next time Git touches it
warning: in the working copy of 'my-react-app/src - M1-Lesson-1-FlexBox/App-Responsive 12-Column Grid System2.jsx', LF will be replaced by CRLF the next time Git touches it
warning: in the working copy of 'my-react-app/src - M1-Lesson-1-FlexBox/App-Sample.jsx', LF will be replaced by CRLF the next time Git touches it
warning: in the working copy of 'my-react-app/src - M1-Lesson-1-FlexBox/App-WEBSITE-BOOTSTRAP-V-5-3-7.jsx', LF will be replaced by CRLF the next time Git touches it
warning: in the working copy of 'my-react-app/src - M1-Lesson-1-FlexBox/App-WEBSITE-PURE-CSS.jsx', LF will be replaced by CRLF the next time Git touches it
warning: in the working copy of 'my-react-app/src - M1-Lesson-1-FlexBox/App.css', LF will be replaced by CRLF the next time Git touches it
warning: in the working copy of 'my-react-app/src - M1-Lesson-1-FlexBox/index copy.css', LF will be replaced by CRLF the next time Git touches it
warning: in the working copy of 'my-react-app/src - M1-Lesson-1-FlexBox/index.css', LF will be replaced by CRLF the next time Git touches it
warning: in the working copy of 'my-react-app/src - M1-Lesson-1-FlexBox/main.jsx', LF will be replaced by CRLF the next time Git touches it
warning: in the working copy of 'my-react-app/src - M1-Lesson-1-ImportExport/App-1-Default Export from Another File.jsx', LF will be replaced by CRLF the next time Git touches it
warning: in the working copy of 'my-react-app/src - M1-Lesson-1-ImportExport/App-2-Named Export from Another File.jsx', LF will be replaced by CRLF the next time Git touches it
warning: in the working copy of 'my-react-app/src - M1-Lesson-1-ImportExport/App-3-Both Default and Named Exports in the Same File.jsx', LF will be replaced by CRLF the next time Git touches it
warning: in the working copy of 'my-react-app/src - M1-Lesson-1-ImportExport/App-4-Renaming During Import (Aliasing).jsx', LF will be replaced by CRLF the next time Git touches it
warning: in the working copy of 'my-react-app/src - M1-Lesson-1-ImportExport/App-5-Import All as Namespace.jsx', LF will be replaced by CRLF the next time Git touches it
warning: in the working copy of 'my-react-app/src - M1-Lesson-1-ImportExport/App-6-Exporting and Importing React Components.jsx', LF will be replaced by CRLF the next time Git touches it
warning: in the working copy of 'my-react-app/src - M1-Lesson-1-ImportExport/App-7-Combining Exports from an Index File (Barrel Export) copy.jsx', LF will be replaced by CRLF the next time Git touches it
warning: in the working copy of 'my-react-app/src - M1-Lesson-1-ImportExport/App-7-Combining Exports from an Index File (Barrel Export).jsx', LF will be replaced by CRLF the next time Git touches it
warning: in the working copy of 'my-react-app/src - M1-Lesson-1-ImportExport/App.css', LF will be replaced by CRLF the next time Git touches it
warning: in the working copy of 'my-react-app/src - M1-Lesson-1-ImportExport/App.jsx', LF will be replaced by CRLF the next time Git touches it
warning: in the working copy of 'my-react-app/src - M1-Lesson-1-ImportExport/index.css', LF will be replaced by CRLF the next time Git touches it
warning: in the working copy of 'my-react-app/src - M1-Lesson-1-ImportExport/main.jsx', LF will be replaced by CRLF the next time Git touches it

E:\MURALI\REACT-JS-CRASH-COURSE\usa-reactjs>git status
On branch main
Your branch is up to date with 'origin/main'.

Changes to be committed:
  (use "git restore --staged <file>..." to unstage)
        new file:   my-react-app/src - M1-Lesson-1-FlexBox/App-Basic CSS for 12-Grid System.jsx
        new file:   my-react-app/src - M1-Lesson-1-FlexBox/App-Basic.jsx
        new file:   my-react-app/src - M1-Lesson-1-FlexBox/App-Flexbox1.jsx
        new file:   my-react-app/src - M1-Lesson-1-FlexBox/App-Flexbox2.jsx
        new file:   my-react-app/src - M1-Lesson-1-FlexBox/App-Important-Note.jsx
        new file:   my-react-app/src - M1-Lesson-1-FlexBox/App-Original.jsx
        new file:   my-react-app/src - M1-Lesson-1-FlexBox/App-Responsive 12-Column Grid System TAILWINDCSS.jsx
        new file:   my-react-app/src - M1-Lesson-1-FlexBox/App-Responsive 12-Column Grid System.jsx
        new file:   my-react-app/src - M1-Lesson-1-FlexBox/App-Responsive 12-Column Grid System2.jsx
        new file:   my-react-app/src - M1-Lesson-1-FlexBox/App-Sample.jsx
        new file:   my-react-app/src - M1-Lesson-1-FlexBox/App-TAILWIND-CSS1.jsx
        new file:   my-react-app/src - M1-Lesson-1-FlexBox/App-TAILWIND-CSS2.jsx
        new file:   my-react-app/src - M1-Lesson-1-FlexBox/App-WEBSITE-BOOTSTRAP-V-5-3-7.jsx
        new file:   my-react-app/src - M1-Lesson-1-FlexBox/App-WEBSITE-PURE-CSS.jsx
        new file:   my-react-app/src - M1-Lesson-1-FlexBox/App-WEBSITE-TAILWIND-CSS.jsx
        new file:   my-react-app/src - M1-Lesson-1-FlexBox/App.css
        new file:   my-react-app/src - M1-Lesson-1-FlexBox/App.jsx
        new file:   my-react-app/src - M1-Lesson-1-FlexBox/SCREENS/1.Responsive 12-Column Grid System.png
        new file:   my-react-app/src - M1-Lesson-1-FlexBox/SCREENS/2.Flexbox.png
        new file:   my-react-app/src - M1-Lesson-1-FlexBox/SCREENS/3.Website-Layout.png
        new file:   my-react-app/src - M1-Lesson-1-FlexBox/SCREENS/4.flex and flex-wrap property.png
        new file:   my-react-app/src - M1-Lesson-1-FlexBox/SCREENS/5.Responsive 12-Column Grid System.png
        new file:   my-react-app/src - M1-Lesson-1-FlexBox/SCREENS/6.Tailwind CSS Installation.png
        new file:   my-react-app/src - M1-Lesson-1-FlexBox/SCREENS/7.flex-1.png
        new file:   my-react-app/src - M1-Lesson-1-FlexBox/SCREENS/8.CODE_EXPLANATION-App-WEBSITE-TAILWIND-CSS-jsx.png
        new file:   my-react-app/src - M1-Lesson-1-FlexBox/SCREENS/Flex-Properties.png
        new file:   my-react-app/src - M1-Lesson-1-FlexBox/SCREENS/Flexbox Vs Responsive Web Design (RWD).png
        new file:   my-react-app/src - M1-Lesson-1-FlexBox/SCREENS/IMPORTANT.png
        new file:   my-react-app/src - M1-Lesson-1-FlexBox/assets/1.jpg
        new file:   my-react-app/src - M1-Lesson-1-FlexBox/assets/1.png
        new file:   my-react-app/src - M1-Lesson-1-FlexBox/assets/2.jpg
        new file:   my-react-app/src - M1-Lesson-1-FlexBox/assets/2.png
        new file:   my-react-app/src - M1-Lesson-1-FlexBox/assets/3.png
        new file:   my-react-app/src - M1-Lesson-1-FlexBox/assets/4.png
        new file:   my-react-app/src - M1-Lesson-1-FlexBox/assets/react.svg
        new file:   my-react-app/src - M1-Lesson-1-FlexBox/flexbox1.css
        new file:   my-react-app/src - M1-Lesson-1-FlexBox/flexbox2.css
        new file:   my-react-app/src - M1-Lesson-1-FlexBox/grid-basic.css
        new file:   my-react-app/src - M1-Lesson-1-FlexBox/grid-responsive.css
        new file:   my-react-app/src - M1-Lesson-1-FlexBox/grid.css
        new file:   my-react-app/src - M1-Lesson-1-FlexBox/grid1.css
        new file:   my-react-app/src - M1-Lesson-1-FlexBox/index copy.css
        new file:   my-react-app/src - M1-Lesson-1-FlexBox/index.css
        new file:   my-react-app/src - M1-Lesson-1-FlexBox/main.jsx
        new file:   my-react-app/src - M1-Lesson-1-FlexBox/test.css
        new file:   my-react-app/src - M1-Lesson-1-FlexBox/test1.css
        new file:   my-react-app/src - M1-Lesson-1-ImportExport/App-1-Default Export from Another File.jsx
        new file:   my-react-app/src - M1-Lesson-1-ImportExport/App-2-Named Export from Another File.jsx
        new file:   my-react-app/src - M1-Lesson-1-ImportExport/App-3-Both Default and Named Exports in the Same File.jsx
        new file:   my-react-app/src - M1-Lesson-1-ImportExport/App-4-Renaming During Import (Aliasing).jsx
        new file:   my-react-app/src - M1-Lesson-1-ImportExport/App-5-Import All as Namespace.jsx
        new file:   my-react-app/src - M1-Lesson-1-ImportExport/App-6-Exporting and Importing React Components.jsx
        new file:   my-react-app/src - M1-Lesson-1-ImportExport/App-7-Combining Exports from an Index File (Barrel Export) copy.jsx
        new file:   my-react-app/src - M1-Lesson-1-ImportExport/App-7-Combining Exports from an Index File (Barrel Export).jsx
        new file:   my-react-app/src - M1-Lesson-1-ImportExport/App.css
        new file:   my-react-app/src - M1-Lesson-1-ImportExport/App.jsx
        new file:   my-react-app/src - M1-Lesson-1-ImportExport/Footer.jsx
        new file:   my-react-app/src - M1-Lesson-1-ImportExport/Header.jsx
        new file:   my-react-app/src - M1-Lesson-1-ImportExport/MyComponent.jsx
        new file:   my-react-app/src - M1-Lesson-1-ImportExport/SCREENS.zip
        new file:   my-react-app/src - M1-Lesson-1-ImportExport/SCREENS/1.import-export.png
        new file:   my-react-app/src - M1-Lesson-1-ImportExport/SCREENS/2.Important Note.png
        new file:   my-react-app/src - M1-Lesson-1-ImportExport/assets/react.svg
        new file:   my-react-app/src - M1-Lesson-1-ImportExport/assets/rose.jpg
        new file:   my-react-app/src - M1-Lesson-1-ImportExport/helpers.js
        new file:   my-react-app/src - M1-Lesson-1-ImportExport/index.css
        new file:   my-react-app/src - M1-Lesson-1-ImportExport/main.jsx
        new file:   my-react-app/src - M1-Lesson-1-ImportExport/mathUtils.js
        new file:   my-react-app/src - M1-Lesson-1-ImportExport/myFunctions.js
        new file:   my-react-app/src - M1-Lesson-1-ImportExport/utils.js
        new file:   my-react-app/src - M1-Lesson-1-ImportExport/utils/greet.js
        new file:   my-react-app/src - M1-Lesson-1-ImportExport/utils/index.js
        new file:   my-react-app/src - M1-Lesson-1-ImportExport/utils/math.js
        new file:   my-react-app/src - M1-Lesson-1-ImportExport/utils/sayHello.js


E:\MURALI\REACT-JS-CRASH-COURSE\usa-reactjs>git commit -m "07-07-2026"
[main 2b330ee] 07-07-2026
 74 files changed, 2457 insertions(+)
 create mode 100644 my-react-app/src - M1-Lesson-1-FlexBox/App-Basic CSS for 12-Grid System.jsx
 create mode 100644 my-react-app/src - M1-Lesson-1-FlexBox/App-Basic.jsx
 create mode 100644 my-react-app/src - M1-Lesson-1-FlexBox/App-Flexbox1.jsx
 create mode 100644 my-react-app/src - M1-Lesson-1-FlexBox/App-Flexbox2.jsx
 create mode 100644 my-react-app/src - M1-Lesson-1-FlexBox/App-Important-Note.jsx
 create mode 100644 my-react-app/src - M1-Lesson-1-FlexBox/App-Original.jsx
 create mode 100644 my-react-app/src - M1-Lesson-1-FlexBox/App-Responsive 12-Column Grid System TAILWINDCSS.jsx
 create mode 100644 my-react-app/src - M1-Lesson-1-FlexBox/App-Responsive 12-Column Grid System.jsx
 create mode 100644 my-react-app/src - M1-Lesson-1-FlexBox/App-Responsive 12-Column Grid System2.jsx
 create mode 100644 my-react-app/src - M1-Lesson-1-FlexBox/App-Sample.jsx
 create mode 100644 my-react-app/src - M1-Lesson-1-FlexBox/App-TAILWIND-CSS1.jsx
 create mode 100644 my-react-app/src - M1-Lesson-1-FlexBox/App-TAILWIND-CSS2.jsx
 create mode 100644 my-react-app/src - M1-Lesson-1-FlexBox/App-WEBSITE-BOOTSTRAP-V-5-3-7.jsx
 create mode 100644 my-react-app/src - M1-Lesson-1-FlexBox/App-WEBSITE-PURE-CSS.jsx
 create mode 100644 my-react-app/src - M1-Lesson-1-FlexBox/App-WEBSITE-TAILWIND-CSS.jsx
 create mode 100644 my-react-app/src - M1-Lesson-1-FlexBox/App.css
 create mode 100644 my-react-app/src - M1-Lesson-1-FlexBox/App.jsx
 create mode 100644 my-react-app/src - M1-Lesson-1-FlexBox/SCREENS/1.Responsive 12-Column Grid System.png
 create mode 100644 my-react-app/src - M1-Lesson-1-FlexBox/SCREENS/2.Flexbox.png
 create mode 100644 my-react-app/src - M1-Lesson-1-FlexBox/SCREENS/3.Website-Layout.png
 create mode 100644 my-react-app/src - M1-Lesson-1-FlexBox/SCREENS/4.flex and flex-wrap property.png
 create mode 100644 my-react-app/src - M1-Lesson-1-FlexBox/SCREENS/5.Responsive 12-Column Grid System.png
 create mode 100644 my-react-app/src - M1-Lesson-1-FlexBox/SCREENS/6.Tailwind CSS Installation.png
 create mode 100644 my-react-app/src - M1-Lesson-1-FlexBox/SCREENS/7.flex-1.png
 create mode 100644 my-react-app/src - M1-Lesson-1-FlexBox/SCREENS/8.CODE_EXPLANATION-App-WEBSITE-TAILWIND-CSS-jsx.png
 create mode 100644 my-react-app/src - M1-Lesson-1-FlexBox/SCREENS/Flex-Properties.png
 create mode 100644 my-react-app/src - M1-Lesson-1-FlexBox/SCREENS/Flexbox Vs Responsive Web Design (RWD).png
 create mode 100644 my-react-app/src - M1-Lesson-1-FlexBox/SCREENS/IMPORTANT.png
 create mode 100644 my-react-app/src - M1-Lesson-1-FlexBox/assets/1.jpg
 create mode 100644 my-react-app/src - M1-Lesson-1-FlexBox/assets/1.png
 create mode 100644 my-react-app/src - M1-Lesson-1-FlexBox/assets/2.jpg
 create mode 100644 my-react-app/src - M1-Lesson-1-FlexBox/assets/2.png
 create mode 100644 my-react-app/src - M1-Lesson-1-FlexBox/assets/3.png
 create mode 100644 my-react-app/src - M1-Lesson-1-FlexBox/assets/4.png
 create mode 100644 my-react-app/src - M1-Lesson-1-FlexBox/assets/react.svg
 create mode 100644 my-react-app/src - M1-Lesson-1-FlexBox/flexbox1.css
 create mode 100644 my-react-app/src - M1-Lesson-1-FlexBox/flexbox2.css
 create mode 100644 my-react-app/src - M1-Lesson-1-FlexBox/grid-basic.css
 create mode 100644 my-react-app/src - M1-Lesson-1-FlexBox/grid-responsive.css
 create mode 100644 my-react-app/src - M1-Lesson-1-FlexBox/grid.css
 create mode 100644 my-react-app/src - M1-Lesson-1-FlexBox/grid1.css
 create mode 100644 my-react-app/src - M1-Lesson-1-FlexBox/index copy.css
 create mode 100644 my-react-app/src - M1-Lesson-1-FlexBox/index.css
 create mode 100644 my-react-app/src - M1-Lesson-1-FlexBox/main.jsx
 create mode 100644 my-react-app/src - M1-Lesson-1-FlexBox/test.css
 create mode 100644 my-react-app/src - M1-Lesson-1-FlexBox/test1.css
 create mode 100644 my-react-app/src - M1-Lesson-1-ImportExport/App-1-Default Export from Another File.jsx
 create mode 100644 my-react-app/src - M1-Lesson-1-ImportExport/App-2-Named Export from Another File.jsx
 create mode 100644 my-react-app/src - M1-Lesson-1-ImportExport/App-3-Both Default and Named Exports in the Same File.jsx
 create mode 100644 my-react-app/src - M1-Lesson-1-ImportExport/App-4-Renaming During Import (Aliasing).jsx
 create mode 100644 my-react-app/src - M1-Lesson-1-ImportExport/App-5-Import All as Namespace.jsx
 create mode 100644 my-react-app/src - M1-Lesson-1-ImportExport/App-6-Exporting and Importing React Components.jsx
 create mode 100644 my-react-app/src - M1-Lesson-1-ImportExport/App-7-Combining Exports from an Index File (Barrel Export) copy.jsx
 create mode 100644 my-react-app/src - M1-Lesson-1-ImportExport/App-7-Combining Exports from an Index File (Barrel Export).jsx
 create mode 100644 my-react-app/src - M1-Lesson-1-ImportExport/App.css
 create mode 100644 my-react-app/src - M1-Lesson-1-ImportExport/App.jsx
 create mode 100644 my-react-app/src - M1-Lesson-1-ImportExport/Footer.jsx
 create mode 100644 my-react-app/src - M1-Lesson-1-ImportExport/Header.jsx
 create mode 100644 my-react-app/src - M1-Lesson-1-ImportExport/MyComponent.jsx
 create mode 100644 my-react-app/src - M1-Lesson-1-ImportExport/SCREENS.zip
 create mode 100644 my-react-app/src - M1-Lesson-1-ImportExport/SCREENS/1.import-export.png
 create mode 100644 my-react-app/src - M1-Lesson-1-ImportExport/SCREENS/2.Important Note.png
 create mode 100644 my-react-app/src - M1-Lesson-1-ImportExport/assets/react.svg
 create mode 100644 my-react-app/src - M1-Lesson-1-ImportExport/assets/rose.jpg
 create mode 100644 my-react-app/src - M1-Lesson-1-ImportExport/helpers.js
 create mode 100644 my-react-app/src - M1-Lesson-1-ImportExport/index.css
 create mode 100644 my-react-app/src - M1-Lesson-1-ImportExport/main.jsx
 create mode 100644 my-react-app/src - M1-Lesson-1-ImportExport/mathUtils.js
 create mode 100644 my-react-app/src - M1-Lesson-1-ImportExport/myFunctions.js
 create mode 100644 my-react-app/src - M1-Lesson-1-ImportExport/utils.js
 create mode 100644 my-react-app/src - M1-Lesson-1-ImportExport/utils/greet.js
 create mode 100644 my-react-app/src - M1-Lesson-1-ImportExport/utils/index.js
 create mode 100644 my-react-app/src - M1-Lesson-1-ImportExport/utils/math.js
 create mode 100644 my-react-app/src - M1-Lesson-1-ImportExport/utils/sayHello.js

E:\MURALI\REACT-JS-CRASH-COURSE\usa-reactjs>git push
Enumerating objects: 83, done.
Counting objects: 100% (83/83), done.
Delta compression using up to 8 threads
Compressing objects: 100% (80/80), done.
Writing objects: 100% (81/81), 34.69 MiB | 1.44 MiB/s, done.
Total 81 (delta 12), reused 0 (delta 0), pack-reused 0
remote: Resolving deltas: 100% (12/12), completed with 2 local objects.
To https://github.com/gvnaresshuser/usa-reactjs.git
   93ccd3f..2b330ee  main -> main

E:\MURALI\REACT-JS-CRASH-COURSE\usa-reactjs>
=====================================================================
Microsoft Windows [Version 10.0.26100.8246]
(c) Microsoft Corporation. All rights reserved.

E:\MURALI\REACT-JS-CRASH-COURSE\usa-reactjs>git add .

E:\MURALI\REACT-JS-CRASH-COURSE\usa-reactjs>git status
On branch main
Your branch is up to date with 'origin/main'.

Changes to be committed:
  (use "git restore --staged <file>..." to unstage)
        modified:   STEPS
        new file:   my-react-app/src - M1-Lesson-1-FlexBox/SCREENS/Min-width-Max-width.png


E:\MURALI\REACT-JS-CRASH-COURSE\usa-reactjs>git commit -m "07-07-2026 again"
[main dfd8f4a] 07-07-2026 again
 2 files changed, 204 insertions(+)
 create mode 100644 my-react-app/src - M1-Lesson-1-FlexBox/SCREENS/Min-width-Max-width.png

E:\MURALI\REACT-JS-CRASH-COURSE\usa-reactjs>git push
Enumerating objects: 12, done.
Counting objects: 100% (12/12), done.
Delta compression using up to 8 threads
Compressing objects: 100% (7/7), done.
Writing objects: 100% (7/7), 582.31 KiB | 9.55 MiB/s, done.
Total 7 (delta 5), reused 0 (delta 0), pack-reused 0
remote: Resolving deltas: 100% (5/5), completed with 5 local objects.
To https://github.com/gvnaresshuser/usa-reactjs.git
   2b330ee..dfd8f4a  main -> main

E:\MURALI\REACT-JS-CRASH-COURSE\usa-reactjs>
=====================================================================
Microsoft Windows [Version 10.0.26100.8246]
(c) Microsoft Corporation. All rights reserved.

E:\MURALI\REACT-JS-CRASH-COURSE\usa-reactjs>git add .

E:\MURALI\REACT-JS-CRASH-COURSE\usa-reactjs>git status
On branch main
Your branch is up to date with 'origin/main'.

Changes to be committed:
  (use "git restore --staged <file>..." to unstage)
        modified:   STEPS
        new file:   my-react-app/src - M1-Lesson-1-FlexBox/SCREENS/Flexbox-CODE-EXPLANATION.png


E:\MURALI\REACT-JS-CRASH-COURSE\usa-reactjs>git commit -m "flexbox"
[main 15d827a] flexbox
 2 files changed, 32 insertions(+)
 create mode 100644 my-react-app/src - M1-Lesson-1-FlexBox/SCREENS/Flexbox-CODE-EXPLANATION.png

E:\MURALI\REACT-JS-CRASH-COURSE\usa-reactjs>git push
Enumerating objects: 12, done.
Counting objects: 100% (12/12), done.
Delta compression using up to 8 threads
Compressing objects: 100% (7/7), done.
Writing objects: 100% (7/7), 837.76 KiB | 19.95 MiB/s, done.
Total 7 (delta 5), reused 0 (delta 0), pack-reused 0
remote: Resolving deltas: 100% (5/5), completed with 5 local objects.
To https://github.com/gvnaresshuser/usa-reactjs.git
   dfd8f4a..15d827a  main -> main

E:\MURALI\REACT-JS-CRASH-COURSE\usa-reactjs>
=====================================================================
=====================================================================
=====================================================================
=====================================================================
=====================================================================
=====================================================================
=====================================================================
=====================================================================
=====================================================================
=====================================================================
=====================================================================
=====================================================================
=====================================================================
=====================================================================
=====================================================================
=====================================================================
=====================================================================
=====================================================================
=====================================================================
=====================================================================
=====================================================================
=====================================================================
=====================================================================
=====================================================================
=====================================================================
=====================================================================

=====================================================================
=====================================================================
=====================================================================
=====================================================================
=====================================================================
=====================================================================
=====================================================================
=====================================================================
=====================================================================
=====================================================================
=====================================================================
=====================================================================
=====================================================================
=====================================================================
=====================================================================
=====================================================================
=====================================================================
=====================================================================
=====================================================================
=====================================================================
=====================================================================
=====================================================================
=====================================================================
=====================================================================
=====================================================================
=====================================================================
=====================================================================
=====================================================================
=====================================================================
=====================================================================